// Jest Snapshot v1, https://goo.gl/fbAQLP

exports[`Carousel Structure matches snapshot 1`] = `
Object {
  "asFragment": [Function],
  "baseElement": <body>
    <div>
      <div
        class="Carouselstyled__CarouselContainer-sc-10aqm96-0 cYCoPc"
      >
        <p
          data-testid="0"
        >
          Hello World
        </p>
        <p
          data-testid="1"
        >
          Hello World
        </p>
        <p
          data-testid="2"
        >
          Hello World
        </p>
        <p
          data-testid="3"
        >
          Hello World
        </p>
        <button
          class="Carouselstyled__Button-sc-10aqm96-1 eOHtfr"
          data-testid="next-button"
        >
          〉
        </button>
      </div>
    </div>
  </body>,
  "container": <div>
    <div
      class="Carouselstyled__CarouselContainer-sc-10aqm96-0 cYCoPc"
    >
      <p
        data-testid="0"
      >
        Hello World
      </p>
      <p
        data-testid="1"
      >
        Hello World
      </p>
      <p
        data-testid="2"
      >
        Hello World
      </p>
      <p
        data-testid="3"
      >
        Hello World
      </p>
      <button
        class="Carouselstyled__Button-sc-10aqm96-1 eOHtfr"
        data-testid="next-button"
      >
        〉
      </button>
    </div>
  </div>,
  "debug": [Function],
  "findAllByAltText": [Function],
  "findAllByDisplayValue": [Function],
  "findAllByLabelText": [Function],
  "findAllByPlaceholderText": [Function],
  "findAllByRole": [Function],
  "findAllByTestId": [Function],
  "findAllByText": [Function],
  "findAllByTitle": [Function],
  "findByAltText": [Function],
  "findByDisplayValue": [Function],
  "findByLabelText": [Function],
  "findByPlaceholderText": [Function],
  "findByRole": [Function],
  "findByTestId": [Function],
  "findByText": [Function],
  "findByTitle": [Function],
  "getAllByAltText": [Function],
  "getAllByDisplayValue": [Function],
  "getAllByLabelText": [Function],
  "getAllByPlaceholderText": [Function],
  "getAllByRole": [Function],
  "getAllByTestId": [Function],
  "getAllByText": [Function],
  "getAllByTitle": [Function],
  "getByAltText": [Function],
  "getByDisplayValue": [Function],
  "getByLabelText": [Function],
  "getByPlaceholderText": [Function],
  "getByRole": [Function],
  "getByTestId": [Function],
  "getByText": [Function],
  "getByTitle": [Function],
  "queryAllByAltText": [Function],
  "queryAllByDisplayValue": [Function],
  "queryAllByLabelText": [Function],
  "queryAllByPlaceholderText": [Function],
  "queryAllByRole": [Function],
  "queryAllByTestId": [Function],
  "queryAllByText": [Function],
  "queryAllByTitle": [Function],
  "queryByAltText": [Function],
  "queryByDisplayValue": [Function],
  "queryByLabelText": [Function],
  "queryByPlaceholderText": [Function],
  "queryByRole": [Function],
  "queryByTestId": [Function],
  "queryByText": [Function],
  "queryByTitle": [Function],
  "rerender": [Function],
  "unmount": [Function],
}
`;
